Microchip MPLAB XC8 Compiler V2.40

Linker command line:

-W-3 \
  --edf=C:\Program Files\Microchip\xc8\v2.40\pic\dat\20220703182018_en.msgs \
  -cn -h+dist/default/production\SolarPoweredLuminaire.X.production.sym \
  --cmf=dist/default/production\SolarPoweredLuminaire.X.production.cmf -z \
  -Q12F1840 -oC:\Users\alext\AppData\Local\Temp\xcAsjpo.4 \
  --defsym=__MPLAB_BUILD=1 --fixupoverflow=error \
  -Mdist/default/production/SolarPoweredLuminaire.X.production.map \
  --md=C:\Users\alext\AppData\Local\Temp\xcAsjpo.dat -E1 -ver=XC8 Compiler \
  --acfsm=1493 -ACODE=00h-07FFhx2 -ASTRCODE=00h-0FFFh -ASTRING=00h-0FFhx16 \
  -ACONST=00h-0FFhx16 -AENTRY=00h-0FFhx16 -ACOMMON=070h-07Fh \
  -ABANK0=020h-06Fh -ABANK1=0A0h-0EFh -ABANK2=0120h-016Fh \
  -ABIGRAM=02000h-020EFh -ARAM=020h-06Fh,0A0h-0EFh,0120h-016Fh \
  -AABS1=020h-07Fh,0A0h-0EFh,0120h-016Fh -ASFR0=00h-01Fh -ASFR1=080h-09Fh \
  -ASFR2=0100h-011Fh -ASFR3=0180h-01EFh -ASFR4=0200h-026Fh \
  -ASFR5=0280h-02EFh -ASFR6=0300h-036Fh -ASFR7=0380h-03EFh \
  -ASFR8=0400h-046Fh -ASFR9=0480h-04EFh -ASFR10=0500h-056Fh \
  -ASFR11=0580h-05EFh -ASFR12=0600h-066Fh -ASFR13=0680h-06EFh \
  -ASFR14=0700h-076Fh -ASFR15=0780h-07EFh -ASFR16=0800h-086Fh \
  -ASFR17=0880h-08EFh -ASFR18=0900h-096Fh -ASFR19=0980h-09EFh \
  -ASFR20=0A00h-0A6Fh -ASFR21=0A80h-0AEFh -ASFR22=0B00h-0B6Fh \
  -ASFR23=0B80h-0BEFh -ASFR24=0C00h-0C6Fh -ASFR25=0C80h-0CEFh \
  -ASFR26=0D00h-0D6Fh -ASFR27=0D80h-0DEFh -ASFR28=0E00h-0E6Fh \
  -ASFR29=0E80h-0EEFh -ASFR30=0F00h-0F6Fh -ASFR31=0F80h-0FEFh \
  -ACONFIG=08007h-08008h -DCONFIG=2 -AIDLOC=08000h-08003h -DIDLOC=2 \
  -AEEDATA=00h-0FFh/0F000h -peeprom_data=EEDATA -DEEDATA=2 -DCODE=2 \
  -DSTRCODE=2 -DSTRING=2 -DCONST=2 -DENTRY=2 \
  -preset_vec=00h,intentry=04h,init,end_init -ppowerup=CODE -pcinit=CODE \
  -pfunctab=ENTRY -k C:\Users\alext\AppData\Local\Temp\xcAsjpo.o \
  dist/default/production\SolarPoweredLuminaire.X.production.o 

Object code version is 3.11

Machine type is 12F1840



                Name                               Link     Load   Length Selector   Space Scale
C:\Users\alext\AppData\Local\Temp\xcAsjpo.o
                end_init                             34       34        2        8       0
                reset_vec                             0        0        2        0       0
                config                             8007     8007        2        0       4
                idloc                              8000     8000        4        0       5
dist/default/production\SolarPoweredLuminaire.X.production.o
                cinit                                36       36       15        8       0
                intentry                              4        4       30        8       0
                config                             8007     8007        2        0       4
                idloc                              8000     8000        4        0       5
                text40                                2        2        1        0       0
                text39                              F17      F17        F     1E2E       0
                text38                              EEF      EEF        C     1DDE       0
                text37                                3        3        1        6       0
                text36                              F54      F54       11     1EA8       0
                text35                              7FF      7FF        1        8       0
                text34                              EFB      EFB        E     1DF6       0
                text32                              F26      F26        F     1E4C       0
                text31                              EAE      EAE        5     1D5C       0
                text30                              EB3      EB3        6     1D66       0
                text29                              F09      F09        E     1E12       0
                text28                              EE4      EE4        B     1DC8       0
                text27                              FB2      FB2       17     1F64       0
                text26                              76F      76F       3C        8       0
                text25                              7CE      7CE       1F        8       0
                text24                              FE3      FE3       1D     1FC6       0
                text23                              68D      68D       81        8       0
                text22                              F65      F65       11     1ECA       0
                text21                              FC9      FC9       1A     1F92       0
                text20                              286      286      1AA        8       0
                text19                              7AB      7AB       23        8       0
                text18                               4B       4B      23B        8       0
                text17                              558      558       AB        8       0
                text16                              70E      70E       61        8       0
                text15                              EDA      EDA        A     1DB4       0
                text14                              EA6      EA6        4     1D4C       0
                text13                              EB9      EB9        6     1D72       0
                text12                              F44      F44       10     1E88       0
                text11                              ECB      ECB        7     1D96       0
                text10                              F35      F35        F     1E6A       0
                text9                               EBF      EBF        6     1D7E       0
                text8                               F88      F88       14     1F10       0
                text7                               EC5      EC5        6     1D8A       0
                text6                               F76      F76       12     1EEC       0
                text5                               EAA      EAA        4     1D54       0
                text4                               F9C      F9C       16     1F38       0
                text3                               7ED      7ED       12        8       0
                text2                               ED2      ED2        8     1DA4       0
                text1                               603      603       8A        8       0
                maintext                            430      430      128        8       0
                cstackBANK0                          20       20       46       20       1
                cstackCOMMON                         70       70        E       70       1
                bssBANK1                             A0       A0        8       A0       1
                bssBANK0                             66       66        7       20       1
                nvBANK1                              A8       A8        4       A0       1
                nvBANK0                              6D       6D        3       20       1

TOTAL           Name                               Link     Load   Length     Space
        CLASS   CODE           
                end_init                             34       34        2         0
                cinit                                36       36       15         0
                intentry                              4        4       30         0
                reset_vec                             0        0        2         0
                text40                                2        2        1         0
                text39                              F17      F17        F         0
                text38                              EEF      EEF        C         0
                text37                                3        3        1         0
                text36                              F54      F54       11         0
                text35                              7FF      7FF        1         0
                text34                              EFB      EFB        E         0
                text32                              F26      F26        F         0
                text31                              EAE      EAE        5         0
                text30                              EB3      EB3        6         0
                text29                              F09      F09        E         0
                text28                              EE4      EE4        B         0
                text27                              FB2      FB2       17         0
                text26                              76F      76F       3C         0
                text25                              7CE      7CE       1F         0
                text24                              FE3      FE3       1D         0
                text23                              68D      68D       81         0
                text22                              F65      F65       11         0
                text21                              FC9      FC9       1A         0
                text20                              286      286      1AA         0
                text19                              7AB      7AB       23         0
                text18                               4B       4B      23B         0
                text17                              558      558       AB         0
                text16                              70E      70E       61         0
                text15                              EDA      EDA        A         0
                text14                              EA6      EA6        4         0
                text13                              EB9      EB9        6         0
                text12                              F44      F44       10         0
                text11                              ECB      ECB        7         0
                text10                              F35      F35        F         0
                text9                               EBF      EBF        6         0
                text8                               F88      F88       14         0
                text7                               EC5      EC5        6         0
                text6                               F76      F76       12         0
                text5                               EAA      EAA        4         0
                text4                               F9C      F9C       16         0
                text3                               7ED      7ED       12         0
                text2                               ED2      ED2        8         0
                text1                               603      603       8A         0
                maintext                            430      430      128         0

        CLASS   STRCODE        

        CLASS   STRING         

        CLASS   CONST          

        CLASS   ENTRY          

        CLASS   COMMON         
                cstackCOMMON                         70       70        E         1

        CLASS   BANK0          
                cstackBANK0                          20       20       46         1
                bssBANK0                             66       66        7         1
                nvBANK0                              6D       6D        3         1

        CLASS   BANK1          
                bssBANK1                             A0       A0        8         1
                nvBANK1                              A8       A8        4         1

        CLASS   BANK2          

        CLASS   BIGRAM         

        CLASS   RAM            

        CLASS   ABS1           
                abs_s1                               7E       7E        2         1

        CLASS   SFR0           

        CLASS   SFR1           

        CLASS   SFR2           

        CLASS   SFR3           

        CLASS   SFR4           

        CLASS   SFR5           

        CLASS   SFR6           

        CLASS   SFR7           

        CLASS   SFR8           

        CLASS   SFR9           

        CLASS   SFR10          

        CLASS   SFR11          

        CLASS   SFR12          

        CLASS   SFR13          

        CLASS   SFR14          

        CLASS   SFR15          

        CLASS   SFR16          

        CLASS   SFR17          

        CLASS   SFR18          

        CLASS   SFR19          

        CLASS   SFR20          

        CLASS   SFR21          

        CLASS   SFR22          

        CLASS   SFR23          

        CLASS   SFR24          

        CLASS   SFR25          

        CLASS   SFR26          

        CLASS   SFR27          

        CLASS   SFR28          

        CLASS   SFR29          

        CLASS   SFR30          

        CLASS   SFR31          

        CLASS   CONFIG         
                config                             8007     8007        2         4

        CLASS   IDLOC          
                idloc                              8000     8000        4         5

        CLASS   EEDATA         

        CLASS   BANK31         

        CLASS   BANK30         

        CLASS   BANK29         

        CLASS   BANK28         

        CLASS   BANK27         

        CLASS   BANK26         

        CLASS   BANK25         

        CLASS   BANK24         

        CLASS   BANK23         

        CLASS   BANK22         

        CLASS   BANK21         

        CLASS   BANK20         

        CLASS   BANK19         

        CLASS   BANK18         

        CLASS   BANK17         

        CLASS   BANK16         

        CLASS   BANK15         

        CLASS   BANK14         

        CLASS   BANK13         

        CLASS   BANK12         

        CLASS   BANK11         

        CLASS   BANK10         

        CLASS   BANK9          

        CLASS   BANK8          

        CLASS   BANK7          

        CLASS   BANK6          

        CLASS   BANK5          

        CLASS   BANK4          

        CLASS   BANK3          

        CLASS   HEAP           

        CLASS   STACK          



SEGMENTS        Name                           Load    Length   Top    Selector   Space  Class     Delta

                reset_vec                      000000  000003  000003         0       0  CODE        2
                text37                         000003  000001  000004         6       0  CODE        2
                intentry                       000004  0007FC  000800         8       0  CODE        2
                cstackBANK0                    000020  000050  000070        20       1  BANK0       1
                cstackCOMMON                   000070  00000E  00007E        70       1  COMMON      1
                bssBANK1                       0000A0  00000C  0000AC        A0       1  BANK1       1
                text14                         000EA6  000004  000EAA      1D4C       0  CODE        2
                text5                          000EAA  000004  000EAE      1D54       0  CODE        2
                text31                         000EAE  000005  000EB3      1D5C       0  CODE        2
                text30                         000EB3  000006  000EB9      1D66       0  CODE        2
                text13                         000EB9  000006  000EBF      1D72       0  CODE        2
                text9                          000EBF  000006  000EC5      1D7E       0  CODE        2
                text7                          000EC5  000006  000ECB      1D8A       0  CODE        2
                text11                         000ECB  000007  000ED2      1D96       0  CODE        2
                text2                          000ED2  000008  000EDA      1DA4       0  CODE        2
                text15                         000EDA  00000A  000EE4      1DB4       0  CODE        2
                text28                         000EE4  00000B  000EEF      1DC8       0  CODE        2
                text38                         000EEF  00000C  000EFB      1DDE       0  CODE        2
                text34                         000EFB  00000E  000F09      1DF6       0  CODE        2
                text29                         000F09  00000E  000F17      1E12       0  CODE        2
                text39                         000F17  00000F  000F26      1E2E       0  CODE        2
                text32                         000F26  00000F  000F35      1E4C       0  CODE        2
                text10                         000F35  00000F  000F44      1E6A       0  CODE        2
                text12                         000F44  000010  000F54      1E88       0  CODE        2
                text36                         000F54  000011  000F65      1EA8       0  CODE        2
                text22                         000F65  000011  000F76      1ECA       0  CODE        2
                text6                          000F76  000012  000F88      1EEC       0  CODE        2
                text8                          000F88  000014  000F9C      1F10       0  CODE        2
                text4                          000F9C  000016  000FB2      1F38       0  CODE        2
                text27                         000FB2  000017  000FC9      1F64       0  CODE        2
                text21                         000FC9  00001A  000FE3      1F92       0  CODE        2
                text24                         000FE3  00001D  001000      1FC6       0  CODE        2


UNUSED ADDRESS RANGES

        Name                Unused          Largest block    Delta
        BANK1            000AC-000EF              44           1
        BANK2            00120-0016F              50           1
        BIGRAM           02000-020EF              F0           1
        CODE             00800-00EA5             6A6           2
        CONST            00800-00EA5             100           2
        EEDATA           0F000-0F0FF             100           2
        ENTRY            00800-00EA5             100           2
        RAM              000AC-000EF              44           1
                         00120-0016F              50
        SFR0             00000-0001F              20           1
        SFR1             00080-0009F              20           1
        SFR10            00500-0056F              70           1
        SFR11            00580-005EF              70           1
        SFR12            00600-0066F              70           1
        SFR13            00680-006EF              70           1
        SFR14            00700-0076F              70           1
        SFR15            00780-007EF              70           1
        SFR16            00800-0086F              70           1
        SFR17            00880-008EF              70           1
        SFR18            00900-0096F              70           1
        SFR19            00980-009EF              70           1
        SFR2             00100-0011F              20           1
        SFR20            00A00-00A6F              70           1
        SFR21            00A80-00AEF              70           1
        SFR22            00B00-00B6F              70           1
        SFR23            00B80-00BEF              70           1
        SFR24            00C00-00C6F              70           1
        SFR25            00C80-00CEF              70           1
        SFR26            00D00-00D6F              70           1
        SFR27            00D80-00DEF              70           1
        SFR28            00E00-00E6F              70           1
        SFR29            00E80-00EEF              70           1
        SFR3             00180-001EF              70           1
        SFR30            00F00-00F6F              70           1
        SFR31            00F80-00FEF              70           1
        SFR4             00200-0026F              70           1
        SFR5             00280-002EF              70           1
        SFR6             00300-0036F              70           1
        SFR7             00380-003EF              70           1
        SFR8             00400-0046F              70           1
        SFR9             00480-004EF              70           1
        STRCODE          00800-00EA5             6A6           2
        STRING           00800-00EA5             100           2

                                  Symbol Table

?_ADC_GetConversion                       cstackCOMMON 00070
?_PV_GetVoltage                           cstackBANK0  00035
?_TMR_GetElapsedMS                        cstackCOMMON 00070
?__Umul8_16                               cstackCOMMON 00070
?___duty                                  cstackBANK0  00020
?___fldiv                                 cstackCOMMON 00070
?___flmul                                 cstackBANK0  00020
?___lwdiv                                 cstackCOMMON 00076
?___wmul                                  cstackCOMMON 00070
?___xxtofl                                cstackCOMMON 00074
ADC_GetConversion@channel                 cstackCOMMON 00073
ADC_SetInterruptHandler@InterruptHandler  cstackCOMMON 00070
EPWM_LoadDutyValue@dutyValue              cstackCOMMON 00070
LED_Init@state                            cstackCOMMON 00070
LUM_Init@duty_percent                     cstackBANK0  00033
LUM_Set@duty                              cstackBANK0  0002F
LUM_Set@duty_percent                      cstackBANK0  00022
LUM_Set@i                                 cstackBANK0  0002D
LUM_Set@i_557                             cstackBANK0  00029
PV_GetVoltage@convertion                  cstackBANK0  0003D
PV_GetVoltage@divider                     cstackBANK0  00041
PV_GetVoltage@volts_per_bit               cstackBANK0  00045
PV_Init@vcc                               cstackCOMMON 00070
TMR0_SetInterruptHandler@InterruptHandler cstackCOMMON 00070
TMR2_SetInterruptHandler@InterruptHandler cstackCOMMON 00070
_ADCON0                                   (abs)        0009D
_ADCON0bits                               (abs)        0009D
_ADCON1                                   (abs)        0009E
_ADC_DefaultInterruptHandler              text40       00002
_ADC_GetConversion                        text21       00FC9
_ADC_ISR                                  text39       00F17
_ADC_Initialize                           text12       00F44
_ADC_InterruptHandler                     nvBANK1      000AA
_ADC_SetInterruptHandler                  text13       00EB9
_ADRESH                                   (abs)        0009C
_ADRESL                                   (abs)        0009B
_ANSELA                                   (abs)        0018C
_APFCON                                   (abs)        0011D
_BORCON                                   (abs)        00116
_CCP1CON                                  (abs)        00293
_CCPR1H                                   (abs)        00292
_CCPR1L                                   (abs)        00291
_ECCP1AS                                  (abs)        00295
_EPWM_Initialize                          text28       00EE4
_EPWM_LoadDutyValue                       text27       00FB2
_INTCONbits                               (abs)        0000B
_INTERRUPT_InterruptManager               intentry     00004
_LATA                                     (abs)        0010C
_LATAbits                                 (abs)        0010C
_LED_Init                                 text32       00F26
_LED_Off                                  text31       00EAE
_LED_On                                   text30       00EB3
_LED_Toggle                               text29       00F09
_LUM_Init                                 text22       00F65
_LUM_Set                                  text23       0068D
_OPTION_REG                               (abs)        00095
_OPTION_REGbits                           (abs)        00095
_OSCCON                                   (abs)        00099
_OSCILLATOR_Initialize                    text11       00ECB
_OSCTUNE                                  (abs)        00098
_PIE1bits                                 (abs)        00091
_PIN_MANAGER_Initialize                   text10       00F35
_PIR1bits                                 (abs)        00011
_PORTAbits                                (abs)        0000C
_PR2                                      (abs)        0001B
_PSTR1CON                                 (abs)        00296
_PV_GetVoltage                            text16       0070E
_PV_Init                                  text15       00EDA
_PWM1CON                                  (abs)        00294
_RADAR_Detect                             text14       00EA6
_SYSTEM_Initialize                        text4        00F9C
_T2CON                                    (abs)        0001C
_T2CONbits                                (abs)        0001C
_TMR0                                     (abs)        00015
_TMR0_DefaultInterruptHandler             text37       00003
_TMR0_ISR                                 text36       00F54
_TMR0_Initialize                          text8        00F88
_TMR0_InterruptHandler                    nvBANK1      000A8
_TMR0_SetInterruptHandler                 text9        00EBF
_TMR2                                     (abs)        0001A
_TMR2_DefaultInterruptHandler             text35       007FF
_TMR2_ISR                                 text34       00EFB
_TMR2_Initialize                          text6        00F76
_TMR2_InterruptHandler                    nvBANK0      0006D
_TMR2_SetInterruptHandler                 text7        00EC5
_TMR_GetElapsedMS                         text3        007ED
_TMR_ISR                                  text38       00EEF
_TMR_Init                                 text2        00ED2
_TRISA                                    (abs)        0008C
_WDTCON                                   (abs)        00097
_WDT_Initialize                           text5        00EAA
_WPUA                                     (abs)        0020C
__Habs1                                   abs1         00000
__Hbank0                                  bank0        00000
__Hbank1                                  bank1        00000
__Hbank10                                 bank10       00000
__Hbank11                                 bank11       00000
__Hbank12                                 bank12       00000
__Hbank13                                 bank13       00000
__Hbank14                                 bank14       00000
__Hbank15                                 bank15       00000
__Hbank16                                 bank16       00000
__Hbank17                                 bank17       00000
__Hbank18                                 bank18       00000
__Hbank19                                 bank19       00000
__Hbank2                                  bank2        00000
__Hbank20                                 bank20       00000
__Hbank21                                 bank21       00000
__Hbank22                                 bank22       00000
__Hbank23                                 bank23       00000
__Hbank24                                 bank24       00000
__Hbank25                                 bank25       00000
__Hbank26                                 bank26       00000
__Hbank27                                 bank27       00000
__Hbank28                                 bank28       00000
__Hbank29                                 bank29       00000
__Hbank3                                  bank3        00000
__Hbank30                                 bank30       00000
__Hbank31                                 bank31       00000
__Hbank4                                  bank4        00000
__Hbank5                                  bank5        00000
__Hbank6                                  bank6        00000
__Hbank7                                  bank7        00000
__Hbank8                                  bank8        00000
__Hbank9                                  bank9        00000
__Hbigram                                 bigram       00000
__HbssBANK0                               bssBANK0     00000
__HbssBANK1                               bssBANK1     00000
__Hcinit                                  cinit        0004B
__Hclrtext                                clrtext      00000
__Hcode                                   code         00000
__Hcommon                                 common       00000
__Hconfig                                 config       08009
__HcstackBANK0                            cstackBANK0  00000
__HcstackCOMMON                           cstackCOMMON 00000
__Heeprom_data                            eeprom_data  00000
__Hend_init                               end_init     00036
__Hfunctab                                functab      00000
__Hheap                                   heap         00000
__Hidloc                                  idloc        08004
__Hinit                                   init         00034
__Hintentry                               intentry     00034
__Hmaintext                               maintext     00000
__HnvBANK0                                nvBANK0      00000
__HnvBANK1                                nvBANK1      00000
__Hpowerup                                powerup      00000
__Hram                                    ram          00000
__Hreset_vec                              reset_vec    00002
__Hsfr0                                   sfr0         00000
__Hsfr1                                   sfr1         00000
__Hsfr10                                  sfr10        00000
__Hsfr11                                  sfr11        00000
__Hsfr12                                  sfr12        00000
__Hsfr13                                  sfr13        00000
__Hsfr14                                  sfr14        00000
__Hsfr15                                  sfr15        00000
__Hsfr16                                  sfr16        00000
__Hsfr17                                  sfr17        00000
__Hsfr18                                  sfr18        00000
__Hsfr19                                  sfr19        00000
__Hsfr2                                   sfr2         00000
__Hsfr20                                  sfr20        00000
__Hsfr21                                  sfr21        00000
__Hsfr22                                  sfr22        00000
__Hsfr23                                  sfr23        00000
__Hsfr24                                  sfr24        00000
__Hsfr25                                  sfr25        00000
__Hsfr26                                  sfr26        00000
__Hsfr27                                  sfr27        00000
__Hsfr28                                  sfr28        00000
__Hsfr29                                  sfr29        00000
__Hsfr3                                   sfr3         00000
__Hsfr30                                  sfr30        00000
__Hsfr31                                  sfr31        00000
__Hsfr4                                   sfr4         00000
__Hsfr5                                   sfr5         00000
__Hsfr6                                   sfr6         00000
__Hsfr7                                   sfr7         00000
__Hsfr8                                   sfr8         00000
__Hsfr9                                   sfr9         00000
__Hspace_0                                (abs)        01000
__Hspace_1                                (abs)        000AC
__Hspace_2                                (abs)        00000
__Hspace_3                                (abs)        00000
__Hspace_4                                (abs)        10010
__Hstack                                  stack        00000
__Hstrings                                strings      00000
__Htext                                   text         00000
__Labs1                                   abs1         00000
__Lbank0                                  bank0        00000
__Lbank1                                  bank1        00000
__Lbank10                                 bank10       00000
__Lbank11                                 bank11       00000
__Lbank12                                 bank12       00000
__Lbank13                                 bank13       00000
__Lbank14                                 bank14       00000
__Lbank15                                 bank15       00000
__Lbank16                                 bank16       00000
__Lbank17                                 bank17       00000
__Lbank18                                 bank18       00000
__Lbank19                                 bank19       00000
__Lbank2                                  bank2        00000
__Lbank20                                 bank20       00000
__Lbank21                                 bank21       00000
__Lbank22                                 bank22       00000
__Lbank23                                 bank23       00000
__Lbank24                                 bank24       00000
__Lbank25                                 bank25       00000
__Lbank26                                 bank26       00000
__Lbank27                                 bank27       00000
__Lbank28                                 bank28       00000
__Lbank29                                 bank29       00000
__Lbank3                                  bank3        00000
__Lbank30                                 bank30       00000
__Lbank31                                 bank31       00000
__Lbank4                                  bank4        00000
__Lbank5                                  bank5        00000
__Lbank6                                  bank6        00000
__Lbank7                                  bank7        00000
__Lbank8                                  bank8        00000
__Lbank9                                  bank9        00000
__Lbigram                                 bigram       00000
__LbssBANK0                               bssBANK0     00000
__LbssBANK1                               bssBANK1     00000
__Lcinit                                  cinit        00036
__Lclrtext                                clrtext      00000
__Lcode                                   code         00000
__Lcommon                                 common       00000
__Lconfig                                 config       00000
__LcstackBANK0                            cstackBANK0  00000
__LcstackCOMMON                           cstackCOMMON 00000
__Leeprom_data                            eeprom_data  00000
__Lend_init                               end_init     00034
__Lfunctab                                functab      00000
__Lheap                                   heap         00000
__Lidloc                                  idloc        00000
__Linit                                   init         00034
__Lintentry                               intentry     00004
__Lmaintext                               maintext     00000
__LnvBANK0                                nvBANK0      00000
__LnvBANK1                                nvBANK1      00000
__Lpowerup                                powerup      00000
__Lram                                    ram          00000
__Lreset_vec                              reset_vec    00000
__Lsfr0                                   sfr0         00000
__Lsfr1                                   sfr1         00000
__Lsfr10                                  sfr10        00000
__Lsfr11                                  sfr11        00000
__Lsfr12                                  sfr12        00000
__Lsfr13                                  sfr13        00000
__Lsfr14                                  sfr14        00000
__Lsfr15                                  sfr15        00000
__Lsfr16                                  sfr16        00000
__Lsfr17                                  sfr17        00000
__Lsfr18                                  sfr18        00000
__Lsfr19                                  sfr19        00000
__Lsfr2                                   sfr2         00000
__Lsfr20                                  sfr20        00000
__Lsfr21                                  sfr21        00000
__Lsfr22                                  sfr22        00000
__Lsfr23                                  sfr23        00000
__Lsfr24                                  sfr24        00000
__Lsfr25                                  sfr25        00000
__Lsfr26                                  sfr26        00000
__Lsfr27                                  sfr27        00000
__Lsfr28                                  sfr28        00000
__Lsfr29                                  sfr29        00000
__Lsfr3                                   sfr3         00000
__Lsfr30                                  sfr30        00000
__Lsfr31                                  sfr31        00000
__Lsfr4                                   sfr4         00000
__Lsfr5                                   sfr5         00000
__Lsfr6                                   sfr6         00000
__Lsfr7                                   sfr7         00000
__Lsfr8                                   sfr8         00000
__Lsfr9                                   sfr9         00000
__Lspace_0                                (abs)        00000
__Lspace_1                                (abs)        00000
__Lspace_2                                (abs)        00000
__Lspace_3                                (abs)        00000
__Lspace_4                                (abs)        00000
__Lstack                                  stack        00000
__Lstrings                                strings      00000
__Ltext                                   text         00000
__S0                                      (abs)        01000
__S1                                      (abs)        000AC
__S3                                      (abs)        00000
__Umul8_16                                text19       007AB
__Umul8_16@multiplicand                   cstackCOMMON 00070
__Umul8_16@multiplier                     cstackCOMMON 00078
__Umul8_16@product                        cstackCOMMON 00074
__Umul8_16@word_mpld                      cstackCOMMON 00076
___duty                                   text24       00FE3
___duty@duty                              cstackBANK0  00020
___fldiv                                  text20       00286
___fldiv@a                                cstackCOMMON 00070
___fldiv@aexp                             cstackBANK0  0002C
___fldiv@b                                cstackCOMMON 00074
___fldiv@bexp                             cstackBANK0  0002B
___fldiv@grs                              cstackBANK0  00027
___fldiv@new_exp                          cstackBANK0  00025
___fldiv@rem                              cstackBANK0  00020
___fldiv@sign                             cstackBANK0  00024
___flge                                   text1        00603
___flge@ff1                               cstackCOMMON 00070
___flge@ff2                               cstackCOMMON 00074
___flmul                                  text18       0004B
___flmul@a                                cstackBANK0  00024
___flmul@aexp                             cstackBANK0  0002D
___flmul@b                                cstackBANK0  00020
___flmul@bexp                             cstackBANK0  0002E
___flmul@grs                              cstackBANK0  00029
___flmul@prod                             cstackBANK0  0002F
___flmul@sign                             cstackBANK0  00028
___flmul@temp                             cstackBANK0  00033
___heap_hi                                (abs)        00000
___heap_lo                                (abs)        00000
___int_sp                                 stack        00000
___latbits                                (abs)        00001
___lwdiv                                  text26       0076F
___lwdiv@counter                          cstackCOMMON 0007D
___lwdiv@dividend                         cstackCOMMON 00078
___lwdiv@divisor                          cstackCOMMON 00076
___lwdiv@quotient                         cstackCOMMON 0007B
___ms                                     bssBANK1     000A0
___sp                                     stack        00000
___stackhi                                (abs)        00000
___stacklo                                (abs)        00000
___wmul                                   text25       007CE
___wmul@multiplicand                      cstackCOMMON 00072
___wmul@multiplier                        cstackCOMMON 00070
___wmul@product                           cstackCOMMON 00074
___xxtofl                                 text17       00558
___xxtofl@arg                             cstackBANK0  00022
___xxtofl@exp                             cstackBANK0  00021
___xxtofl@sign                            cstackBANK0  00020
___xxtofl@val                             cstackCOMMON 00074
__end_of_ADC_DefaultInterruptHandler      text40       00003
__end_of_ADC_GetConversion                text21       00FE3
__end_of_ADC_ISR                          text39       00F26
__end_of_ADC_Initialize                   text12       00F54
__end_of_ADC_SetInterruptHandler          text13       00EBF
__end_of_EPWM_Initialize                  text28       00EEF
__end_of_EPWM_LoadDutyValue               text27       00FC9
__end_of_INTERRUPT_InterruptManager       intentry     00034
__end_of_LED_Init                         text32       00F35
__end_of_LED_Off                          text31       00EB3
__end_of_LED_On                           text30       00EB9
__end_of_LED_Toggle                       text29       00F17
__end_of_LUM_Init                         text22       00F76
__end_of_LUM_Set                          text23       0070E
__end_of_OSCILLATOR_Initialize            text11       00ED2
__end_of_PIN_MANAGER_Initialize           text10       00F44
__end_of_PV_GetVoltage                    text16       0076F
__end_of_PV_Init                          text15       00EE4
__end_of_RADAR_Detect                     text14       00EAA
__end_of_SYSTEM_Initialize                text4        00FB2
__end_of_TMR0_DefaultInterruptHandler     text37       00004
__end_of_TMR0_ISR                         text36       00F65
__end_of_TMR0_Initialize                  text8        00F9C
__end_of_TMR0_SetInterruptHandler         text9        00EC5
__end_of_TMR2_DefaultInterruptHandler     text35       00800
__end_of_TMR2_ISR                         text34       00F09
__end_of_TMR2_Initialize                  text6        00F88
__end_of_TMR2_SetInterruptHandler         text7        00ECB
__end_of_TMR_GetElapsedMS                 text3        007FF
__end_of_TMR_ISR                          text38       00EFB
__end_of_TMR_Init                         text2        00EDA
__end_of_WDT_Initialize                   text5        00EAE
__end_of__Umul8_16                        text19       007CE
__end_of___duty                           text24       01000
__end_of___fldiv                          text20       00430
__end_of___flge                           text1        0068D
__end_of___flmul                          text18       00286
__end_of___lwdiv                          text26       007AB
__end_of___wmul                           text25       007ED
__end_of___xxtofl                         text17       00603
__end_of__initialization                  cinit        00047
__end_of_main                             maintext     00558
__initialization                          cinit        00036
__pbssBANK0                               bssBANK0     00066
__pbssBANK1                               bssBANK1     000A0
__pcstackBANK0                            cstackBANK0  00020
__pcstackCOMMON                           cstackCOMMON 00070
__pintentry                               intentry     00004
__pmaintext                               maintext     00430
__pnvBANK0                                nvBANK0      0006D
__pnvBANK1                                nvBANK1      000A8
__ptext1                                  text1        00603
__ptext10                                 text10       00F35
__ptext11                                 text11       00ECB
__ptext12                                 text12       00F44
__ptext13                                 text13       00EB9
__ptext14                                 text14       00EA6
__ptext15                                 text15       00EDA
__ptext16                                 text16       0070E
__ptext17                                 text17       00558
__ptext18                                 text18       0004B
__ptext19                                 text19       007AB
__ptext2                                  text2        00ED2
__ptext20                                 text20       00286
__ptext21                                 text21       00FC9
__ptext22                                 text22       00F65
__ptext23                                 text23       0068D
__ptext24                                 text24       00FE3
__ptext25                                 text25       007CE
__ptext26                                 text26       0076F
__ptext27                                 text27       00FB2
__ptext28                                 text28       00EE4
__ptext29                                 text29       00F09
__ptext3                                  text3        007ED
__ptext30                                 text30       00EB3
__ptext31                                 text31       00EAE
__ptext32                                 text32       00F26
__ptext34                                 text34       00EFB
__ptext35                                 text35       007FF
__ptext36                                 text36       00F54
__ptext37                                 text37       00003
__ptext38                                 text38       00EEF
__ptext39                                 text39       00F17
__ptext4                                  text4        00F9C
__ptext40                                 text40       00002
__ptext5                                  text5        00EAA
__ptext6                                  text6        00F76
__ptext7                                  text7        00EC5
__ptext8                                  text8        00F88
__ptext9                                  text9        00EBF
_adc_vcc                                  bssBANK0     00066
_curr_duty                                bssBANK0     0006A
_curr_state                               bssBANK0     0006C
_main                                     maintext     00430
_main$1301                                cstackBANK0  00051
_main$612                                 cstackBANK0  0005D
_timer0ReloadVal                          nvBANK0      0006F
btemp                                     (abs)        0007E
end_of_initialization                     cinit        00047
int$flags                                 (abs)        0007E
intlevel0                                 functab      00000
intlevel1                                 functab      00000
intlevel2                                 functab      00000
intlevel3                                 functab      00000
intlevel4                                 functab      00000
intlevel5                                 functab      00000
main@led_start_time_ms                    cstackBANK0  00055
main@presence                             cstackBANK0  0005F
main@pv_voltage                           cstackBANK0  00060
main@state                                cstackBANK0  00064
reset_vec                                 reset_vec    00000
start                                     init         00034
start_initialization                      cinit        00036
wtemp0                                    (abs)        0007E


MODULE INFORMATION

Module		Function		Class		Link	Load	Size
C:\Program Files\Microchip\xc8\v2.40\pic\sources\c99\common\sprcmul.c
		___flmul       		CODE           	004B	0000	571

C:\Program Files\Microchip\xc8\v2.40\pic\sources\c99\common\sprcmul.c estimated size: 571

C:\Program Files\Microchip\xc8\v2.40\pic\sources\c99\common\sprcdiv.c
		___fldiv       		CODE           	0286	0000	426

C:\Program Files\Microchip\xc8\v2.40\pic\sources\c99\common\sprcdiv.c estimated size: 426

C:\Program Files\Microchip\xc8\v2.40\pic\sources\c99\common\lwdiv.c
		___lwdiv       		CODE           	076F	0000	60

C:\Program Files\Microchip\xc8\v2.40\pic\sources\c99\common\lwdiv.c estimated size: 60

C:\Program Files\Microchip\xc8\v2.40\pic\sources\c99\common\Umul16.c
		___wmul        		CODE           	07CE	0000	31

C:\Program Files\Microchip\xc8\v2.40\pic\sources\c99\common\Umul16.c estimated size: 31

mcc_generated_files/tmr2.c
		_TMR2_ISR      		CODE           	0EFB	0000	14
		_TMR2_Initialize		CODE           	0F76	0000	18
		_TMR2_SetInterruptHandler		CODE           	0EC5	0000	6
		_TMR2_DefaultInterruptHandler		CODE           	07FF	0000	1

mcc_generated_files/tmr2.c estimated size: 39

mcc_generated_files/interrupt_manager.c
		_INTERRUPT_InterruptManager		CODE           	0004	0000	48

mcc_generated_files/interrupt_manager.c estimated size: 48

mcc_generated_files/epwm.c
		_EPWM_LoadDutyValue		CODE           	0FB2	0000	23
		_EPWM_Initialize		CODE           	0EE4	0000	11

mcc_generated_files/epwm.c estimated size: 34

mcc_generated_files/tmr0.c
		_TMR0_SetInterruptHandler		CODE           	0EBF	0000	6
		_TMR0_DefaultInterruptHandler		CODE           	0003	0000	1
		_TMR0_ISR      		CODE           	0F54	0000	17
		_TMR0_Initialize		CODE           	0F88	0000	20

mcc_generated_files/tmr0.c estimated size: 44

mcc_generated_files/pin_manager.c
		_PIN_MANAGER_Initialize		CODE           	0F35	0000	15

mcc_generated_files/pin_manager.c estimated size: 15

mcc_generated_files/adc.c
		_ADC_DefaultInterruptHandler		CODE           	0002	0000	1
		_ADC_Initialize		CODE           	0F44	0000	16
		_ADC_SetInterruptHandler		CODE           	0EB9	0000	6
		_ADC_GetConversion		CODE           	0FC9	0000	26
		_ADC_ISR       		CODE           	0F17	0000	15

mcc_generated_files/adc.c estimated size: 64

C:\Program Files\Microchip\xc8\v2.40\pic\sources\c99\common\xxtofl.c
		___xxtofl      		CODE           	0558	0000	171

C:\Program Files\Microchip\xc8\v2.40\pic\sources\c99\common\xxtofl.c estimated size: 171

shared
		__initialization		CODE           	0036	0000	17

shared estimated size: 17

mcc_generated_files/mcc.c
		_WDT_Initialize		CODE           	0EAA	0000	4
		_OSCILLATOR_Initialize		CODE           	0ECB	0000	7
		_SYSTEM_Initialize		CODE           	0F9C	0000	22

mcc_generated_files/mcc.c estimated size: 33

C:\Program Files\Microchip\xc8\v2.40\pic\sources\c99\common\flge.c
		___flge        		CODE           	0603	0000	138

C:\Program Files\Microchip\xc8\v2.40\pic\sources\c99\common\flge.c estimated size: 138

C:\Program Files\Microchip\xc8\v2.40\pic\sources\c99\common\Umul8_16.c
		__Umul8_16     		CODE           	07AB	0000	35

C:\Program Files\Microchip\xc8\v2.40\pic\sources\c99\common\Umul8_16.c estimated size: 35

main.c
		_TMR_GetElapsedMS		CODE           	07ED	0000	18
		_LUM_Set       		CODE           	068D	0000	129
		___duty        		CODE           	0FE3	0000	29
		_LED_Init      		CODE           	0F26	0000	15
		_main          		CODE           	0430	0000	296
		_LED_Off       		CODE           	0EAE	0000	5
		_RADAR_Detect  		CODE           	0EA6	0000	4
		_PV_GetVoltage 		CODE           	070E	0000	97
		_LUM_Init      		CODE           	0F65	0000	17
		_TMR_ISR       		CODE           	0EEF	0000	12
		_LED_On        		CODE           	0EB3	0000	6
		_TMR_Init      		CODE           	0ED2	0000	8
		_LED_Toggle    		CODE           	0F09	0000	14
		_PV_Init       		CODE           	0EDA	0000	10

main.c estimated size: 660

